{
  "apiVersion": "v1",
  "kind": "Node",
  "metadata": {
    "name": "testnode",
    "labels": {
      "name": "testnode-label"
    }
  },
  "spec": {
    "externalID": "testnode"
  }
}
